// Jest Snapshot v1, https://goo.gl/fbAQLP

exports[`QuestionScreenHeader renders correctly 1`] = `
<div
  className="game__mistakes"
>
  <div
    className="wrong"
  />
  <div
    className="wrong"
  />
</div>
`;
